20260913-143401########################################Data / VBL SILICON synthesis starting for 2013[OpenLane_init]OpenLane v1.1.1 (3876562d27af3f6825a823941b1cab36f7eb6dc3)All rights reserved. (c) 2020-2024 Efabless Corporation and contributors.Available under the Apache License, version 2.0. See the LICENSE file for more details.[INFO]: Using configuration in 'OpenLane/designs/spm/config.json'...[INFO]: Process Design Kit: sky130A[INFO]: Set PDK Root using Volare. If you haven't downloaded it yet, try 'volare fetch'.[INFO]: PDK Root: /root/.volare/volare/sky130/versions/bdc9412b3e468c102d01b7cf6337be06ec6e9c9a[INFO]: Standard Cell Library: sky130_fd_sc_hd[INFO]: Optimization Standard Cell Library: sky130_fd_sc_hd[INFO]: Run Directory: /chipinventor/OpenLane/designs/spm/runs/RUN_2026.09.13_14.34.01[INFO]: Saving runtime environment...[INFO]: Preparing LEF files for the nom corner...[INFO]: Preparing LEF files for the min corner...[INFO]: Preparing LEF files for the max corner...[WARNING]: PNR_SDC_FILE is not set. It is recommended to write a custom SDC file for the design. Defaulting to BASE_SDC_FILE[WARNING]: SIGNOFF_SDC_FILE is not set. It is recommended to write a custom SDC file for the design. Defaulting to BASE_SDC_FILE[INFO]: Running linter (Verilator) (log: OpenLane/designs/spm/runs/RUN_2026.09.13_14.34.01/logs/synthesis/linter.log)...[INFO]: 0 errors found by linter[WARNING]: 22 warnings found by linter[STEP 1][INFO]: Running Synthesis (log: OpenLane/designs/spm/runs/RUN_2026.09.13_14.34.01/logs/synthesis/1-synthesis.log)...[STEP 2][INFO]: Running Single-Corner Static Timing Analysis (log: OpenLane/designs/spm/runs/RUN_2026.09.13_14.34.01/logs/synthesis/2-sta.log)...[STEP 3][INFO]: Running Initial Floorplanning (log: OpenLane/designs/spm/runs/RUN_2026.09.13_14.34.01/logs/floorplan/3-initial_fp.log)...[INFO]: Floorplanned with width 791.66 and height 791.52.[STEP 4][INFO]: Running IO Placement (log: OpenLane/designs/spm/runs/RUN_2026.09.13_14.34.01/logs/floorplan/4-io.log)...[STEP 5][INFO]: Running Tap/Decap Insertion (log: OpenLane/designs/spm/runs/RUN_2026.09.13_14.34.01/logs/floorplan/5-tap.log)...[INFO]: Power planning with power {VPWR} and ground {VGND}...[STEP 6][INFO]: Generating PDN (log: OpenLane/designs/spm/runs/RUN_2026.09.13_14.34.01/logs/floorplan/6-pdn.log)...[STEP 7][INFO]: Running Global Placement (skip_io) (log: OpenLane/designs/spm/runs/RUN_2026.09.13_14.34.01/logs/placement/6-global_skip_io.log)...[STEP 8][INFO]: Running Single-Corner Static Timing Analysis (log: OpenLane/designs/spm/runs/RUN_2026.09.13_14.34.01/logs/placement/8-gpl_sta.log)...[STEP 9]
[INFO]: Running IO Placement (log: OpenLane/designs/spm/runs/RUN_2026.09.13_14.34.01/logs/placement/9-io.log)...
[STEP 10]
[INFO]: Running Global Placement (log: OpenLane/designs/spm/runs/RUN_2026.09.13_14.34.01/logs/placement/9-global.log)...
[STEP 11]
[INFO]: Running Single-Corner Static Timing Analysis (log: OpenLane/designs/spm/runs/RUN_2026.09.13_14.34.01/logs/placement/11-gpl_sta.log)...
[STEP 12]
[INFO]: Running Placement Resizer Design Optimizations (log: OpenLane/designs/spm/runs/RUN_2026.09.13_14.34.01/logs/placement/12-resizer.log)...
[STEP 13]
[INFO]: Running Detailed Placement (log: OpenLane/designs/spm/runs/RUN_2026.09.13_14.34.01/logs/placement/13-detailed.log)...
[STEP 14]
[INFO]: Running Single-Corner Static Timing Analysis (log: OpenLane/designs/spm/runs/RUN_2026.09.13_14.34.01/logs/placement/14-dpl_sta.log)...
[STEP 15]
[INFO]: Running Clock Tree Synthesis (log: OpenLane/designs/spm/runs/RUN_2026.09.13_14.34.01/logs/cts/15-cts.log)...
[STEP 16]
[INFO]: Running Single-Corner Static Timing Analysis (log: OpenLane/designs/spm/runs/RUN_2026.09.13_14.34.01/logs/cts/16-cts_sta.log)...
[STEP 17]
[INFO]: Running Placement Resizer Timing Optimizations (log: OpenLane/designs/spm/runs/RUN_2026.09.13_14.34.01/logs/cts/17-resizer.log)...
[STEP 18]
[INFO]: Running Global Routing Resizer Design Optimizations (log: OpenLane/designs/spm/runs/RUN_2026.09.13_14.34.01/logs/routing/18-resizer_design.log)...
[STEP 19]
[INFO]: Running Single-Corner Static Timing Analysis (log: OpenLane/designs/spm/runs/RUN_2026.09.13_14.34.01/logs/routing/19-rsz_design_sta.log)...
[STEP 20]
[INFO]: Running Global Routing Resizer Timing Optimizations (log: OpenLane/designs/spm/runs/RUN_2026.09.13_14.34.01/logs/routing/20-resizer_timing.log)...
[STEP 21]
[INFO]: Running Single-Corner Static Timing Analysis (log: OpenLane/designs/spm/runs/RUN_2026.09.13_14.34.01/logs/routing/21-rsz_timing_sta.log)...
[STEP 22]
[INFO]: Running Global Routing (log: OpenLane/designs/spm/runs/RUN_2026.09.13_14.34.01/logs/routing/22-global.log)...
[STEP 23]
[INFO]: Writing Verilog (log: OpenLane/designs/spm/runs/RUN_2026.09.13_14.34.01/logs/routing/22-global_write_netlist.log)...
[STEP 24]
[INFO]: Running Single-Corner Static Timing Analysis (log: OpenLane/designs/spm/runs/RUN_2026.09.13_14.34.01/logs/routing/24-grt_sta.log)...
[STEP 25]
[INFO]: Running Fill Insertion (log: OpenLane/designs/spm/runs/RUN_2026.09.13_14.34.01/logs/routing/25-fill.log)...
[STEP 26]
[INFO]: Running Detailed Routing (log: OpenLane/designs/spm/runs/RUN_2026.09.13_14.34.01/logs/routing/26-detailed.log)...
[INFO]: No Magic DRC violations after detailed routing.
[STEP 27]
[INFO]: Checking Wire Lengths (log: OpenLane/designs/spm/runs/RUN_2026.09.13_14.34.01/logs/routing/27-wire_lengths.log)...
[STEP 28]
[INFO]: Running SPEF Extraction at the min process corner (log: OpenLane/designs/spm/runs/RUN_2026.09.13_14.34.01/logs/signoff/28-parasitics_extraction.min.log)...
[STEP 29]
[INFO]: Running Multi-Corner Static Timing Analysis at the min process corner (log: OpenLane/designs/spm/runs/RUN_2026.09.13_14.34.01/logs/signoff/29-rcx_mcsta.min.log)...
[STEP 30]
[INFO]: Running SPEF Extraction at the max process corner (log: OpenLane/designs/spm/runs/RUN_2026.09.13_14.34.01/logs/signoff/30-parasitics_extraction.max.log)...
[STEP 31]
[INFO]: Running Multi-Corner Static Timing Analysis at the max process corner (log: OpenLane/designs/spm/runs/RUN_2026.09.13_14.34.01/logs/signoff/31-rcx_mcsta.max.log)...
[STEP 32]
[INFO]: Running SPEF Extraction at the nom process corner (log: OpenLane/designs/spm/runs/RUN_2026.09.13_14.34.01/logs/signoff/32-parasitics_extraction.nom.log)...
[STEP 33]
[INFO]: Running Multi-Corner Static Timing Analysis at the nom process corner (log: OpenLane/designs/spm/runs/RUN_2026.09.13_14.34.01/logs/signoff/33-rcx_mcsta.nom.log)...
[WARNING]: VSRC_LOC_FILES was not given a value, which may make the results of IR drop analysis inaccurate. If you are not integrating a top-level chip for manufacture, you may ignore this warning, otherwise, see the documentation for VSRC_LOC_FILES.
[STEP 34]
[INFO]: Creating IR Drop Report (log: OpenLane/designs/spm/runs/RUN_2026.09.13_14.34.01/logs/signoff/34-irdrop.log)...
[STEP 35]
[INFO]: Running Magic to generate various views...
[INFO]: Streaming out GDSII with Magic (log: OpenLane/designs/spm/runs/RUN_2026.09.13_14.34.01/logs/signoff/35-gdsii.log)...
[INFO]: Generating MAGLEF views...
[INFO]: Generating lef with Magic (/chipinventor/OpenLane/designs/spm/runs/RUN_2026.09.13_14.34.01/logs/signoff/35-lef.log)...
[STEP 36]
[INFO]: Streaming out GDSII with KLayout (log: OpenLane/designs/spm/runs/RUN_2026.09.13_14.34.01/logs/signoff/36-gdsii-klayout.log)...
[STEP 37]
[INFO]: Running XOR on the layouts using KLayout (log: OpenLane/designs/spm/runs/RUN_2026.09.13_14.34.01/logs/signoff/37-xor.log)...
[INFO]: No XOR differences between KLayout and Magic gds.
[STEP 38]
[INFO]: Running Magic Spice Export from LEF (log: OpenLane/designs/spm/runs/RUN_2026.09.13_14.34.01/logs/signoff/38-spice.log)...
[STEP 39]
[INFO]: Writing Powered Verilog (logs: OpenLane/designs/spm/runs/RUN_2026.09.13_14.34.01/logs/signoff/39-write_powered_def.log, OpenLane/designs/spm/runs/RUN_2026.09.13_14.34.01/logs/signoff/39-write_powered_verilog.log)...
[STEP 40]
[INFO]: Writing Verilog (log: OpenLane/designs/spm/runs/RUN_2026.09.13_14.34.01/logs/signoff/39-write_powered_verilog.log)...
[STEP 41]
[INFO]: Running LVS (log: OpenLane/designs/spm/runs/RUN_2026.09.13_14.34.01/logs/signoff/41-lvs.lef.log)...
[STEP 42]
[INFO]: Running Magic DRC (log: OpenLane/designs/spm/runs/RUN_2026.09.13_14.34.01/logs/signoff/42-drc.log)...
[INFO]: Converting Magic DRC database to various tool-readable formats...
[INFO]: No Magic DRC violations after GDS streaming out.
[STEP 43]
[INFO]: Running KLayout DRC (log: OpenLane/designs/spm/runs/RUN_2026.09.13_14.34.01/logs/signoff/43-drc-klayout.log)...
[INFO]: No KLayout DRC violations after GDS streaming out.
[STEP 44]
[INFO]: Running OpenROAD Antenna Rule Checker (log: OpenLane/designs/spm/runs/RUN_2026.09.13_14.34.01/logs/signoff/44-arc.log)...
[INFO]: Saving current set of views in 'OpenLane/designs/spm/runs/RUN_2026.09.13_14.34.01/results/final'...
[INFO]: Saving runtime environment...
[INFO]: Generating final set of reports...
[INFO]: Created manufacturability report at 'OpenLane/designs/spm/runs/RUN_2026.09.13_14.34.01/reports/manufacturability.rpt'.
[INFO]: Created metrics report at 'OpenLane/designs/spm/runs/RUN_2026.09.13_14.34.01/reports/metrics.csv'.
[WARNING]: There are max slew violations in the design at the Typical corner. Please refer to 'OpenLane/designs/spm/runs/RUN_2026.09.13_14.34.01/reports/signoff/33-sta-rcx_nom/multi_corner_sta.checks.rpt'.
[WARNING]: There are max fanout violations in the design at the Typical corner. Please refer to 'OpenLane/designs/spm/runs/RUN_2026.09.13_14.34.01/reports/signoff/33-sta-rcx_nom/multi_corner_sta.checks.rpt'.
[INFO]: There are no hold violations in the design at the Typical corner.
[INFO]: There are no setup violations in the design at the Typical corner.
[SUCCESS]: Flow complete.
[INFO]: Note that the following warnings have been generated:
[WARNING]: PNR_SDC_FILE is not set. It is recommended to write a custom SDC file for the design. Defaulting to BASE_SDC_FILE
[WARNING]: SIGNOFF_SDC_FILE is not set. It is recommended to write a custom SDC file for the design. Defaulting to BASE_SDC_FILE
[WARNING]: 22 warnings found by linter
[WARNING]: VSRC_LOC_FILES was not given a value, which may make the results of IR drop analysis inaccurate. If you are not integrating a top-level chip for manufacture, you may ignore this warning, otherwise, see the documentation for VSRC_LOC_FILES.
[WARNING]: There are max slew violations in the design at the Typical corner. Please refer to 'OpenLane/designs/spm/runs/RUN_2026.09.13_14.34.01/reports/signoff/33-sta-rcx_nom/multi_corner_sta.checks.rpt'.
[WARNING]: There are max fanout violations in the design at the Typical corner. Please refer to 'OpenLane/designs/spm/runs/RUN_2026.09.13_14.34.01/reports/signoff/33-sta-rcx_nom/multi_corner_sta.checks.rpt'.
########################
Layout generation completed
[OpenLane_end]
[3D View_init]
